../Core/Src/main.c:108:1:__io_putchar	16	static
../Core/Src/main.c:120:5:main	8	static
../Core/Src/main.c:212:6:SystemClock_Config	88	static
../Core/Src/main.c:259:13:MX_USART3_UART_Init	8	static
../Core/Src/main.c:292:13:MX_USB_OTG_FS_PCD_Init	8	static
../Core/Src/main.c:328:13:MX_GPIO_Init	56	static
../Core/Src/main.c:390:6:HAL_GPIO_EXTI_Callback	16	static
../Core/Src/main.c:412:6:StartDefaultTask	16	static
../Core/Src/main.c:430:6:StartTaskA	24	static
../Core/Src/main.c:462:6:StartTaskB	24	static
../Core/Src/main.c:500:6:Error_Handler	4	static,ignoring_inline_asm
