../Core/Src/main.c:41:20:SSD1306_Select	8	static
../Core/Src/main.c:42:20:SSD1306_Unselect	8	static
../Core/Src/main.c:43:20:SSD1306_DC_Command	8	static
../Core/Src/main.c:44:20:SSD1306_DC_Data	8	static
../Core/Src/main.c:76:5:main	16	static
../Core/Src/main.c:125:6:SystemClock_Config	88	static
../Core/Src/main.c:167:13:MX_SPI1_Init	8	static
../Core/Src/main.c:198:13:MX_USART3_UART_Init	8	static
../Core/Src/main.c:224:13:MX_USB_OTG_FS_PCD_Init	8	static
../Core/Src/main.c:253:13:MX_GPIO_Init	56	static
../Core/Src/main.c:305:13:ssd1306_Reset	8	static
../Core/Src/main.c:311:13:ssd1306_WriteCommand	16	static
../Core/Src/main.c:317:13:ssd1306_WriteData	16	static
../Core/Src/main.c:323:6:SSD1306_Init	8	static
../Core/Src/main.c:347:6:SSD1306_Fill	16	static
../Core/Src/main.c:351:6:SSD1306_DrawPixel	24	static
../Core/Src/main.c:359:6:SSD1306_Update	8	static
../Core/Src/main.c:375:6:Error_Handler	4	static,ignoring_inline_asm
