../Core/Src/main.c:95:5:_write	24	static
../Core/Src/main.c:106:5:main	8	static
../Core/Src/main.c:204:6:SystemClock_Config	88	static
../Core/Src/main.c:251:13:MX_USART3_UART_Init	8	static
../Core/Src/main.c:284:13:MX_USB_OTG_FS_PCD_Init	8	static
../Core/Src/main.c:320:13:MX_GPIO_Init	56	static
../Core/Src/main.c:383:6:StartDefaultTask	16	static
../Core/Src/main.c:401:6:StartTaskA	24	static
../Core/Src/main.c:429:6:StartTaskB	24	static
../Core/Src/main.c:458:6:Error_Handler	4	static,ignoring_inline_asm
