../Core/Src/main.c:85:5:main	8	static
../Core/Src/main.c:149:6:SystemClock_Config	88	static
../Core/Src/main.c:191:13:MX_USART3_UART_Init	8	static
../Core/Src/main.c:217:13:MX_USB_OTG_FS_PCD_Init	8	static
../Core/Src/main.c:246:13:MX_GPIO_Init	56	static
../Core/Src/main.c:296:6:StartDefaultTask	24	static
../Core/Src/main.c:319:6:_Led1Task	16	static
../Core/Src/main.c:338:6:_Led2Task	16	static
../Core/Src/main.c:357:6:_Led3Task	16	static
../Core/Src/main.c:373:6:Error_Handler	4	static,ignoring_inline_asm
