../Core/Src/main.c:182:6:OLED_WriteCmd	32	static
../Core/Src/main.c:186:6:OLED_WriteData	32	static
../Core/Src/main.c:190:6:OLED_Init_Minimal	8	static
../Core/Src/main.c:211:6:OLED_SetPos	16	static
../Core/Src/main.c:217:6:OLED_Clear	16	static
../Core/Src/main.c:231:6:OLED_DrawBMP_24x32	24	static
../Core/Src/main.c:243:6:OLED_ShowChar	24	static
../Core/Src/main.c:255:6:OLED_ShowString	16	static
../Core/Src/main.c:265:6:LED_All	16	static
../Core/Src/main.c:276:5:_write	24	static
../Core/Src/main.c:286:5:main	8	static
../Core/Src/main.c:376:6:SystemClock_Config	88	static
../Core/Src/main.c:423:13:MX_I2C1_Init	8	static
../Core/Src/main.c:452:13:MX_USART3_UART_Init	8	static
../Core/Src/main.c:480:13:MX_USB_OTG_FS_PCD_Init	8	static
../Core/Src/main.c:511:13:MX_GPIO_Init	56	static
../Core/Src/main.c:565:6:Error_Handler	4	static,ignoring_inline_asm
