14:15:33 **** Incremental Build of configuration Debug for project j01_rtos_holaWorld ****
make -j18 all 
arm-none-eabi-gcc "../Core/Src/freertos.c" -mcpu=cortex-m4 -std=gnu11 -g3 -DDEBUG -DUSE_HAL_DRIVER -DSTM32F413xx -c -I../Core/Inc -I../Drivers/STM32F4xx_HAL_Driver/Inc -I../Drivers/STM32F4xx_HAL_Driver/Inc/Legacy -I../Drivers/CMSIS/Device/ST/STM32F4xx/Include -I../Drivers/CMSIS/Include -I../Middlewares/Third_Party/FreeRTOS/Source/include -I../Middlewares/Third_Party/FreeRTOS/Source/CMSIS_RTOS_V2 -I../Middlewares/Third_Party/FreeRTOS/Source/portable/GCC/ARM_CM4F -O0 -ffunction-sections -fdata-sections -Wall -fstack-usage -fcyclomatic-complexity -MMD -MP -MF"Core/Src/freertos.d" -MT"Core/Src/freertos.o" --specs=nano.specs -mfpu=fpv4-sp-d16 -mfloat-abi=hard -mthumb -o "Core/Src/freertos.o"
arm-none-eabi-gcc "../Core/Src/main.c" -mcpu=cortex-m4 -std=gnu11 -g3 -DDEBUG -DUSE_HAL_DRIVER -DSTM32F413xx -c -I../Core/Inc -I../Drivers/STM32F4xx_HAL_Driver/Inc -I../Drivers/STM32F4xx_HAL_Driver/Inc/Legacy -I../Drivers/CMSIS/Device/ST/STM32F4xx/Include -I../Drivers/CMSIS/Include -I../Middlewares/Third_Party/FreeRTOS/Source/include -I../Middlewares/Third_Party/FreeRTOS/Source/CMSIS_RTOS_V2 -I../Middlewares/Third_Party/FreeRTOS/Source/portable/GCC/ARM_CM4F -O0 -ffunction-sections -fdata-sections -Wall -fstack-usage -fcyclomatic-complexity -MMD -MP -MF"Core/Src/main.d" -MT"Core/Src/main.o" --specs=nano.specs -mfpu=fpv4-sp-d16 -mfloat-abi=hard -mthumb -o "Core/Src/main.o"
../Core/Src/main.c: In function 'StartDefaultTask':
../Core/Src/main.c:273:59: warning: implicit declaration of function 'strlen' [-Wimplicit-function-declaration]
  273 |                 HAL_UART_Transmit(&huart3, (uint8_t*)msg, strlen(msg), HAL_MAX_DELAY);
      |                                                           ^~~~~~
../Core/Src/main.c:22:1: note: include '<string.h>' or provide a declaration of 'strlen'
   21 | #include "cmsis_os.h"
  +++ |+#include <string.h>
   22 | /* Private includes ----------------------------------------------------------*/
../Core/Src/main.c:273:59: warning: incompatible implicit declaration of built-in function 'strlen' [-Wbuiltin-declaration-mismatch]
  273 |                 HAL_UART_Transmit(&huart3, (uint8_t*)msg, strlen(msg), HAL_MAX_DELAY);
      |                                                           ^~~~~~
../Core/Src/main.c:273:59: note: include '<string.h>' or provide a declaration of 'strlen'
arm-none-eabi-gcc -o "j01_rtos_holaWorld.elf" @"objects.list"   -mcpu=cortex-m4 -T"D:\gitClone\GitProject\STM32CubeIDEworkspace_1.19.0\stm32_beggin\j01_rtos_holaWorld\STM32F413ZHTX_FLASH.ld" --specs=nosys.specs -Wl,-Map="j01_rtos_holaWorld.map" -Wl,--gc-sections -static --specs=nano.specs -mfpu=fpv4-sp-d16 -mfloat-abi=hard -mthumb -Wl,--start-group -lc -lm -Wl,--end-group
Finished building target: j01_rtos_holaWorld.elf
 
arm-none-eabi-size  j01_rtos_holaWorld.elf 
arm-none-eabi-objdump -h -S j01_rtos_holaWorld.elf  > "j01_rtos_holaWorld.list"
   text	   data	    bss	    dec	    hex	filename
  26740	     96	  22136	  48972	   bf4c	j01_rtos_holaWorld.elf
Finished building: default.size.stdout
 
Finished building: j01_rtos_holaWorld.list
 

14:15:37 Build Finished. 0 errors, 2 warnings. (took 4s.353ms)

