14:13:38 **** Incremental Build of configuration Debug for project j05_rtos_task_isr ****
make -j18 all 
arm-none-eabi-gcc "../Core/Src/main.c" -mcpu=cortex-m4 -std=gnu11 -g3 -DDEBUG -DUSE_HAL_DRIVER -DSTM32F413xx -c -I../Core/Inc -I../Drivers/STM32F4xx_HAL_Driver/Inc -I../Drivers/STM32F4xx_HAL_Driver/Inc/Legacy -I../Drivers/CMSIS/Device/ST/STM32F4xx/Include -I../Drivers/CMSIS/Include -I../Middlewares/Third_Party/FreeRTOS/Source/include -I../Middlewares/Third_Party/FreeRTOS/Source/CMSIS_RTOS_V2 -I../Middlewares/Third_Party/FreeRTOS/Source/portable/GCC/ARM_CM4F -O0 -ffunction-sections -fdata-sections -Wall -fstack-usage -fcyclomatic-complexity -MMD -MP -MF"Core/Src/main.d" -MT"Core/Src/main.o" --specs=nano.specs -mfpu=fpv4-sp-d16 -mfloat-abi=hard -mthumb -o "Core/Src/main.o"
arm-none-eabi-gcc -o "j05_rtos_task_isr.elf" @"objects.list"   -mcpu=cortex-m4 -T"D:\gitClone\GitProject\STM32CubeIDEworkspace_1.19.0\stm32_beggin\j05_rtos_task_isr\STM32F413ZHTX_FLASH.ld" --specs=nosys.specs -Wl,-Map="j05_rtos_task_isr.map" -Wl,--gc-sections -static --specs=nano.specs -mfpu=fpv4-sp-d16 -mfloat-abi=hard -mthumb -Wl,--start-group -lc -lm -Wl,--end-group
Finished building target: j05_rtos_task_isr.elf
 
arm-none-eabi-size  j05_rtos_task_isr.elf 
arm-none-eabi-objdump -h -S j05_rtos_task_isr.elf  > "j05_rtos_task_isr.list"
   text	   data	    bss	    dec	    hex	filename
  30088	    108	  22172	  52368	   cc90	j05_rtos_task_isr.elf
Finished building: default.size.stdout
 
Finished building: j05_rtos_task_isr.list
 

14:13:40 Build Finished. 0 errors, 0 warnings. (took 1s.870ms)

