Archive member included to satisfy reference by file (symbol)

D:/app/ST/STM32CubeIDE_1.19.0/STM32CubeIDE/plugins/com.st.stm32cube.ide.mcu.externaltools.gnu-tools-for-stm32.13.3.rel1.win32_1.0.0.202411081344/tools/bin/../lib/gcc/arm-none-eabi/13.3.1/../../../../arm-none-eabi/lib/thumb/v7e-m+fp/hard\libc_nano.a(libc_a-exit.o)
                              D:/app/ST/STM32CubeIDE_1.19.0/STM32CubeIDE/plugins/com.st.stm32cube.ide.mcu.externaltools.gnu-tools-for-stm32.13.3.rel1.win32_1.0.0.202411081344/tools/bin/../lib/gcc/arm-none-eabi/13.3.1/../../../../arm-none-eabi/lib/thumb/v7e-m+fp/hard/crt0.o (exit)
D:/app/ST/STM32CubeIDE_1.19.0/STM32CubeIDE/plugins/com.st.stm32cube.ide.mcu.externaltools.gnu-tools-for-stm32.13.3.rel1.win32_1.0.0.202411081344/tools/bin/../lib/gcc/arm-none-eabi/13.3.1/../../../../arm-none-eabi/lib/thumb/v7e-m+fp/hard\libc_nano.a(libc_a-findfp.o)
                              D:/app/ST/STM32CubeIDE_1.19.0/STM32CubeIDE/plugins/com.st.stm32cube.ide.mcu.externaltools.gnu-tools-for-stm32.13.3.rel1.win32_1.0.0.202411081344/tools/bin/../lib/gcc/arm-none-eabi/13.3.1/../../../../arm-none-eabi/lib/thumb/v7e-m+fp/hard\libc_nano.a(libc_a-exit.o) (__stdio_exit_handler)
D:/app/ST/STM32CubeIDE_1.19.0/STM32CubeIDE/plugins/com.st.stm32cube.ide.mcu.externaltools.gnu-tools-for-stm32.13.3.rel1.win32_1.0.0.202411081344/tools/bin/../lib/gcc/arm-none-eabi/13.3.1/../../../../arm-none-eabi/lib/thumb/v7e-m+fp/hard\libc_nano.a(libc_a-fwalk.o)
                              D:/app/ST/STM32CubeIDE_1.19.0/STM32CubeIDE/plugins/com.st.stm32cube.ide.mcu.externaltools.gnu-tools-for-stm32.13.3.rel1.win32_1.0.0.202411081344/tools/bin/../lib/gcc/arm-none-eabi/13.3.1/../../../../arm-none-eabi/lib/thumb/v7e-m+fp/hard\libc_nano.a(libc_a-findfp.o) (_fwalk_sglue)
D:/app/ST/STM32CubeIDE_1.19.0/STM32CubeIDE/plugins/com.st.stm32cube.ide.mcu.externaltools.gnu-tools-for-stm32.13.3.rel1.win32_1.0.0.202411081344/tools/bin/../lib/gcc/arm-none-eabi/13.3.1/../../../../arm-none-eabi/lib/thumb/v7e-m+fp/hard\libc_nano.a(libc_a-stdio.o)
                              D:/app/ST/STM32CubeIDE_1.19.0/STM32CubeIDE/plugins/com.st.stm32cube.ide.mcu.externaltools.gnu-tools-for-stm32.13.3.rel1.win32_1.0.0.202411081344/tools/bin/../lib/gcc/arm-none-eabi/13.3.1/../../../../arm-none-eabi/lib/thumb/v7e-m+fp/hard\libc_nano.a(libc_a-findfp.o) (__sread)
D:/app/ST/STM32CubeIDE_1.19.0/STM32CubeIDE/plugins/com.st.stm32cube.ide.mcu.externaltools.gnu-tools-for-stm32.13.3.rel1.win32_1.0.0.202411081344/tools/bin/../lib/gcc/arm-none-eabi/13.3.1/../../../../arm-none-eabi/lib/thumb/v7e-m+fp/hard\libc_nano.a(libc_a-memset.o)
                              D:/app/ST/STM32CubeIDE_1.19.0/STM32CubeIDE/plugins/com.st.stm32cube.ide.mcu.externaltools.gnu-tools-for-stm32.13.3.rel1.win32_1.0.0.202411081344/tools/bin/../lib/gcc/arm-none-eabi/13.3.1/../../../../arm-none-eabi/lib/thumb/v7e-m+fp/hard/crt0.o (memset)
D:/app/ST/STM32CubeIDE_1.19.0/STM32CubeIDE/plugins/com.st.stm32cube.ide.mcu.externaltools.gnu-tools-for-stm32.13.3.rel1.win32_1.0.0.202411081344/tools/bin/../lib/gcc/arm-none-eabi/13.3.1/../../../../arm-none-eabi/lib/thumb/v7e-m+fp/hard\libc_nano.a(libc_a-closer.o)
                              D:/app/ST/STM32CubeIDE_1.19.0/STM32CubeIDE/plugins/com.st.stm32cube.ide.mcu.externaltools.gnu-tools-for-stm32.13.3.rel1.win32_1.0.0.202411081344/tools/bin/../lib/gcc/arm-none-eabi/13.3.1/../../../../arm-none-eabi/lib/thumb/v7e-m+fp/hard\libc_nano.a(libc_a-stdio.o) (_close_r)
D:/app/ST/STM32CubeIDE_1.19.0/STM32CubeIDE/plugins/com.st.stm32cube.ide.mcu.externaltools.gnu-tools-for-stm32.13.3.rel1.win32_1.0.0.202411081344/tools/bin/../lib/gcc/arm-none-eabi/13.3.1/../../../../arm-none-eabi/lib/thumb/v7e-m+fp/hard\libc_nano.a(libc_a-reent.o)
                              D:/app/ST/STM32CubeIDE_1.19.0/STM32CubeIDE/plugins/com.st.stm32cube.ide.mcu.externaltools.gnu-tools-for-stm32.13.3.rel1.win32_1.0.0.202411081344/tools/bin/../lib/gcc/arm-none-eabi/13.3.1/../../../../arm-none-eabi/lib/thumb/v7e-m+fp/hard\libc_nano.a(libc_a-closer.o) (errno)
D:/app/ST/STM32CubeIDE_1.19.0/STM32CubeIDE/plugins/com.st.stm32cube.ide.mcu.externaltools.gnu-tools-for-stm32.13.3.rel1.win32_1.0.0.202411081344/tools/bin/../lib/gcc/arm-none-eabi/13.3.1/../../../../arm-none-eabi/lib/thumb/v7e-m+fp/hard\libc_nano.a(libc_a-impure.o)
                              D:/app/ST/STM32CubeIDE_1.19.0/STM32CubeIDE/plugins/com.st.stm32cube.ide.mcu.externaltools.gnu-tools-for-stm32.13.3.rel1.win32_1.0.0.202411081344/tools/bin/../lib/gcc/arm-none-eabi/13.3.1/../../../../arm-none-eabi/lib/thumb/v7e-m+fp/hard\libc_nano.a(libc_a-reent.o) (_impure_ptr)
D:/app/ST/STM32CubeIDE_1.19.0/STM32CubeIDE/plugins/com.st.stm32cube.ide.mcu.externaltools.gnu-tools-for-stm32.13.3.rel1.win32_1.0.0.202411081344/tools/bin/../lib/gcc/arm-none-eabi/13.3.1/../../../../arm-none-eabi/lib/thumb/v7e-m+fp/hard\libc_nano.a(libc_a-lseekr.o)
[...]
Memory Configuration

Name             Origin             Length             Attributes
RAM              0x20000000         0x00050000         xrw
FLASH            0x08000000         0x00180000         xr
*default*        0x00000000         0xffffffff

Linker script and memory map

LOAD D:/app/ST/STM32CubeIDE_1.19.0/STM32CubeIDE/plugins/com.st.stm32cube.ide.mcu.externaltools.gnu-tools-for-stm32.13.3.rel1.win32_1.0.0.202411081344/tools/bin/../lib/gcc/arm-none-eabi/13.3.1/thumb/v7e-m+fp/hard/crti.o
LOAD D:/app/ST/STM32CubeIDE_1.19.0/STM32CubeIDE/plugins/com.st.stm32cube.ide.mcu.externaltools.gnu-tools-for-stm32.13.3.rel1.win32_1.0.0.202411081344/tools/bin/../lib/gcc/arm-none-eabi/13.3.1/thumb/v7e-m+fp/hard/crtbegin.o
LOAD D:/app/ST/STM32CubeIDE_1.19.0/STM32CubeIDE/plugins/com.st.stm32cube.ide.mcu.externaltools.gnu-tools-for-stm32.13.3.rel1.win32_1.0.0.202411081344/tools/bin/../lib/gcc/arm-none-eabi/13.3.1/../../../../arm-none-eabi/lib/thumb/v7e-m+fp/hard/crt0.o
LOAD ./Core/Src/main.o
LOAD ./Core/Src/stm32f4xx_hal_msp.o
LOAD ./Core/Src/stm32f4xx_it.o
LOAD ./Core/Src/syscalls.o
LOAD ./Core/Src/sysmem.o
LOAD ./Core/Src/system_stm32f4xx.o
LOAD ./Core/Startup/startup_stm32f413zhtx.o
LOAD ./Drivers/STM32F4xx_HAL_Driver/Src/stm32f4xx_hal.o
LOAD ./Drivers/STM32F4xx_HAL_Driver/Src/stm32f4xx_hal_cortex.o
LOAD ./Drivers/STM32F4xx_HAL_Driver/Src/stm32f4xx_hal_dma.o
LOAD ./Drivers/STM32F4xx_HAL_Driver/Src/stm32f4xx_hal_dma_ex.o
LOAD ./Drivers/STM32F4xx_HAL_Driver/Src/stm32f4xx_hal_exti.o
LOAD ./Drivers/STM32F4xx_HAL_Driver/Src/stm32f4xx_hal_flash.o
LOAD ./Drivers/STM32F4xx_HAL_Driver/Src/stm32f4xx_hal_flash_ex.o
LOAD ./Drivers/STM32F4xx_HAL_Driver/Src/stm32f4xx_hal_flash_ramfunc.o
LOAD ./Drivers/STM32F4xx_HAL_Driver/Src/stm32f4xx_hal_gpio.o
LOAD ./Drivers/STM32F4xx_HAL_Driver/Src/stm32f4xx_hal_pcd.o
LOAD ./Drivers/STM32F4xx_HAL_Driver/Src/stm32f4xx_hal_pcd_ex.o
LOAD ./Drivers/STM32F4xx_HAL_Driver/Src/stm32f4xx_hal_pwr.o
LOAD ./Drivers/STM32F4xx_HAL_Driver/Src/stm32f4xx_hal_pwr_ex.o
LOAD ./Drivers/STM32F4xx_HAL_Driver/Src/stm32f4xx_hal_rcc.o
LOAD ./Drivers/STM32F4xx_HAL_Driver/Src/stm32f4xx_hal_rcc_ex.o
LOAD ./Drivers/STM32F4xx_HAL_Driver/Src/stm32f4xx_hal_spi.o
LOAD ./Drivers/STM32F4xx_HAL_Driver/Src/stm32f4xx_hal_uart.o
LOAD ./Drivers/STM32F4xx_HAL_Driver/Src/stm32f4xx_ll_usb.o
START GROUP
LOAD D:/app/ST/STM32CubeIDE_1.19.0/STM32CubeIDE/plugins/com.st.stm32cube.ide.mcu.externaltools.gnu-tools-for-stm32.13.3.rel1.win32_1.0.0.202411081344/tools/bin/../lib/gcc/arm-none-eabi/13.3.1/../../../../arm-none-eabi/lib/thumb/v7e-m+fp/hard\libc_nano.a
LOAD D:/app/ST/STM32CubeIDE_1.19.0/STM32CubeIDE/plugins/com.st.stm32cube.ide.mcu.externaltools.gnu-tools-for-stm32.13.3.rel1.win32_1.0.0.202411081344/tools/bin/../lib/gcc/arm-none-eabi/13.3.1/../../../../arm-none-eabi/lib/thumb/v7e-m+fp/hard\libm.a
END GROUP
START GROUP
LOAD D:/app/ST/STM32CubeIDE_1.19.0/STM32CubeIDE/plugins/com.st.stm32cube.ide.mcu.externaltools.gnu-tools-for-stm32.13.3.rel1.win32_1.0.0.202411081344/tools/bin/../lib/gcc/arm-none-eabi/13.3.1/thumb/v7e-m+fp/hard\libgcc.a
LOAD D:/app/ST/STM32CubeIDE_1.19.0/STM32CubeIDE/plugins/com.st.stm32cube.ide.mcu.externaltools.gnu-tools-for-stm32.13.3.rel1.win32_1.0.0.202411081344/tools/bin/../lib/gcc/arm-none-eabi/13.3.1/../../../../arm-none-eabi/lib/thumb/v7e-m+fp/hard\libc_nano.a
END GROUP
START GROUP
LOAD D:/app/ST/STM32CubeIDE_1.19.0/STM32CubeIDE/plugins/com.st.stm32cube.ide.mcu.externaltools.gnu-tools-for-stm32.13.3.rel1.win32_1.0.0.202411081344/tools/bin/../lib/gcc/arm-none-eabi/13.3.1/thumb/v7e-m+fp/hard\libgcc.a
LOAD D:/app/ST/STM32CubeIDE_1.19.0/STM32CubeIDE/plugins/com.st.stm32cube.ide.mcu.externaltools.gnu-tools-for-stm32.13.3.rel1.win32_1.0.0.202411081344/tools/bin/../lib/gcc/arm-none-eabi/13.3.1/../../../../arm-none-eabi/lib/thumb/v7e-m+fp/hard\libc_nano.a
LOAD D:/app/ST/STM32CubeIDE_1.19.0/STM32CubeIDE/plugins/com.st.stm32cube.ide.mcu.externaltools.gnu-tools-for-stm32.13.3.rel1.win32_1.0.0.202411081344/tools/bin/../lib/gcc/arm-none-eabi/13.3.1/../../../../arm-none-eabi/lib/thumb/v7e-m+fp/hard\libnosys.a
END GROUP
START GROUP
LOAD D:/app/ST/STM32CubeIDE_1.19.0/STM32CubeIDE/plugins/com.st.stm32cube.ide.mcu.externaltools.gnu-tools-for-stm32.13.3.rel1.win32_1.0.0.202411081344/tools/bin/../lib/gcc/arm-none-eabi/13.3.1/thumb/v7e-m+fp/hard\libgcc.a
LOAD D:/app/ST/STM32CubeIDE_1.19.0/STM32CubeIDE/plugins/com.st.stm32cube.ide.mcu.externaltools.gnu-tools-for-stm32.13.3.rel1.win32_1.0.0.202411081344/tools/bin/../lib/gcc/arm-none-eabi/13.3.1/../../../../arm-none-eabi/lib/thumb/v7e-m+fp/hard\libc_nano.a
LOAD D:/app/ST/STM32CubeIDE_1.19.0/STM32CubeIDE/plugins/com.st.stm32cube.ide.mcu.externaltools.gnu-tools-for-stm32.13.3.rel1.win32_1.0.0.202411081344/tools/bin/../lib/gcc/arm-none-eabi/13.3.1/../../../../arm-none-eabi/lib/thumb/v7e-m+fp/hard\libnosys.a
END GROUP
LOAD D:/app/ST/STM32CubeIDE_1.19.0/STM32CubeIDE/plugins/com.st.stm32cube.ide.mcu.externaltools.gnu-tools-for-stm32.13.3.rel1.win32_1.0.0.202411081344/tools/bin/../lib/gcc/arm-none-eabi/13.3.1/thumb/v7e-m+fp/hard/crtend.o
LOAD D:/app/ST/STM32CubeIDE_1.19.0/STM32CubeIDE/plugins/com.st.stm32cube.ide.mcu.externaltools.gnu-tools-for-stm32.13.3.rel1.win32_1.0.0.202411081344/tools/bin/../lib/gcc/arm-none-eabi/13.3.1/thumb/v7e-m+fp/hard/crtn.o
                0x20050000                        _estack = (ORIGIN (RAM) + LENGTH (RAM))
                0x00000200                        _Min_Heap_Size = 0x200
                0x00000400                        _Min_Stack_Size = 0x400

.isr_vector     0x08000000      0x1d8
                0x08000000                        . = ALIGN (0x4)
 *(.isr_vector)
 .isr_vector    0x08000000      0x1d8 ./Core/Startup/startup_stm32f413zhtx.o
                0x08000000                g_pfnVectors
                0x080001d8                        . = ALIGN (0x4)

.text           0x080001d8     0x35f8
                0x080001d8                        . = ALIGN (0x4)
 *(.text)
 .text          0x080001d8       0x40 D:/app/ST/STM32CubeIDE_1.19.0/STM32CubeIDE/plugins/com.st.stm32cube.ide.mcu.externaltools.gnu-tools-for-stm32.13.3.rel1.win32_1.0.0.202411081344/tools/bin/../lib/gcc/arm-none-eabi/13.3.1/thumb/v7e-m+fp/hard/crtbegin.o
 .text          0x08000218       0x30 D:/app/ST/STM32CubeIDE_1.19.0/STM32CubeIDE/plugins/com.st.stm32cube.ide.mcu.externaltools.gnu-tools-for-stm32.13.3.rel1.win32_1.0.0.202411081344/tools/bin/../lib/gcc/arm-none-eabi/13.3.1/thumb/v7e-m+fp/hard\libgcc.a(_aeabi_uldivmod.o)
                0x08000218                __aeabi_uldivmod
 .text          0x08000248      0x2f8 D:/app/ST/STM32CubeIDE_1.19.0/STM32CubeIDE/plugins/com.st.stm32cube.ide.mcu.externaltools.gnu-tools-for-stm32.13.3.rel1.win32_1.0.0.202411081344/tools/bin/../lib/gcc/arm-none-eabi/13.3.1/thumb/v7e-m+fp/hard\libgcc.a(_udivmoddi4.o)
                0x08000248                __udivmoddi4
 .text          0x08000540        0x4 D:/app/ST/STM32CubeIDE_1.19.0/STM32CubeIDE/plugins/com.st.stm32cube.ide.mcu.externaltools.gnu-tools-for-stm32.13.3.rel1.win32_1.0.0.202411081344/tools/bin/../lib/gcc/arm-none-eabi/13.3.1/thumb/v7e-m+fp/hard\libgcc.a(_dvmd_tls.o)
                0x08000540                __aeabi_idiv0
                0x08000540                __aeabi_ldiv0
 *(.text*)
 .text.SSD1306_Select
                0x08000544       0x18 ./Core/Src/main.o
 .text.SSD1306_Unselect
                0x0800055c       0x18 ./Core/Src/main.o
 .text.SSD1306_DC_Command
                0x08000574       0x18 ./Core/Src/main.o
 .text.SSD1306_DC_Data
                0x0800058c       0x18 ./Core/Src/main.o
 .text.main     0x080005a4       0xac ./Core/Src/main.o
                0x080005a4                main
 .text.SystemClock_Config
                0x08000650       0xd8 ./Core/Src/main.o
                0x08000650                SystemClock_Config
 .text.MX_SPI1_Init
                0x08000728       0x6c ./Core/Src/main.o
 .text.MX_USART3_UART_Init
                0x08000794       0x54 ./Core/Src/main.o
 .text.MX_USB_OTG_FS_PCD_Init
                0x080007e8       0x60 ./Core/Src/main.o
 .text.MX_GPIO_Init
                0x08000848      0x188 ./Core/Src/main.o
 .text.ssd1306_Reset
                0x080009d0       0x30 ./Core/Src/main.o
 .text.ssd1306_WriteCommand
                0x08000a00       0x30 ./Core/Src/main.o
 .text.ssd1306_WriteData
                0x08000a30       0x34 ./Core/Src/main.o
 .text.SSD1306_Init
                0x08000a64       0xac ./Core/Src/main.o
                0x08000a64                SSD1306_Init
 .text.SSD1306_Fill
                0x08000b10       0x30 ./Core/Src/main.o
                0x08000b10                SSD1306_Fill
 .text.SSD1306_DrawPixel
                0x08000b40       0x90 ./Core/Src/main.o
                0x08000b40                SSD1306_DrawPixel
 .text.SSD1306_Update
                0x08000bd0       0x3c ./Core/Src/main.o
                0x08000bd0                SSD1306_Update
 .text.Error_Handler
                0x08000c0c        0xc ./Core/Src/main.o
                0x08000c0c                Error_Handler
 .text.HAL_MspInit
                0x08000c18       0x50 ./Core/Src/stm32f4xx_hal_msp.o
                0x08000c18                HAL_MspInit
 .text.HAL_SPI_MspInit
                0x08000c68       0x90 ./Core/Src/stm32f4xx_hal_msp.o
                0x08000c68                HAL_SPI_MspInit
 .text.HAL_UART_MspInit
                0x08000cf8       0x90 ./Core/Src/stm32f4xx_hal_msp.o
                0x08000cf8                HAL_UART_MspInit
 .text.HAL_PCD_MspInit
                0x08000d88       0xdc ./Core/Src/stm32f4xx_hal_msp.o
                0x08000d88                HAL_PCD_MspInit
 .text.NMI_Handler
                0x08000e64        0x8 ./Core/Src/stm32f4xx_it.o
                0x08000e64                NMI_Handler
 .text.HardFault_Handler
                0x08000e6c        0x8 ./Core/Src/stm32f4xx_it.o
                0x08000e6c                HardFault_Handler
 .text.MemManage_Handler
                0x08000e74        0x8 ./Core/Src/stm32f4xx_it.o
                0x08000e74                MemManage_Handler
 .text.BusFault_Handler
                0x08000e7c        0x8 ./Core/Src/stm32f4xx_it.o
                0x08000e7c                BusFault_Handler
 .text.UsageFault_Handler
                0x08000e84        0x8 ./Core/Src/stm32f4xx_it.o
                0x08000e84                UsageFault_Handler
 .text.SVC_Handler
                0x08000e8c        0xe ./Core/Src/stm32f4xx_it.o
                0x08000e8c                SVC_Handler
 .text.DebugMon_Handler
                0x08000e9a        0xe ./Core/Src/stm32f4xx_it.o
                0x08000e9a                DebugMon_Handler
 .text.PendSV_Handler
                0x08000ea8        0xe ./Core/Src/stm32f4xx_it.o
                0x08000ea8                PendSV_Handler
 .text.SysTick_Handler
                0x08000eb6        0xc ./Core/Src/stm32f4xx_it.o
                0x08000eb6                SysTick_Handler
 *fill*         0x08000ec2        0x2 
 .text.SystemInit
                0x08000ec4       0x24 ./Core/Src/system_stm32f4xx.o
                0x08000ec4                SystemInit
 .text.Reset_Handler
                0x08000ee8       0x50 ./Core/Startup/startup_stm32f413zhtx.o
                0x08000ee8                Reset_Handler
 .text.Default_Handler
                0x08000f38        0x2 ./Core/Startup/startup_stm32f413zhtx.o
                0x08000f38                RTC_Alarm_IRQHandler
                0x08000f38                EXTI2_IRQHandler
                0x08000f38                TIM8_CC_IRQHandler
                0x08000f38                UART8_IRQHandler
                0x08000f38                FMPI2C1_EV_IRQHandler
                0x08000f38                SPI4_IRQHandler
                0x08000f38                TIM1_CC_IRQHandler
                0x08000f38                DMA2_Stream5_IRQHandler
                0x08000f38                DMA1_Stream5_IRQHandler
                0x08000f38                CAN3_RX1_IRQHandler
                0x08000f38                PVD_IRQHandler
                0x08000f38                SDIO_IRQHandler
                0x08000f38                TAMP_STAMP_IRQHandler
                0x08000f38                CAN2_RX1_IRQHandler
                0x08000f38                EXTI3_IRQHandler
                0x08000f38                TIM8_TRG_COM_TIM14_IRQHandler
                0x08000f38                DFSDM1_FLT1_IRQHandler
                0x08000f38                TIM1_UP_TIM10_IRQHandler
                0x08000f38                TIM8_UP_TIM13_IRQHandler
                0x08000f38                I2C3_ER_IRQHandler
                0x08000f38                EXTI0_IRQHandler
                0x08000f38                I2C2_EV_IRQHandler
                0x08000f38                DMA1_Stream2_IRQHandler
                0x08000f38                CAN1_RX0_IRQHandler
                0x08000f38                FPU_IRQHandler
                0x08000f38                CAN3_SCE_IRQHandler
                0x08000f38                CAN2_SCE_IRQHandler
                0x08000f38                DMA2_Stream2_IRQHandler
                0x08000f38                SPI1_IRQHandler
                0x08000f38                TIM6_DAC_IRQHandler
                0x08000f38                TIM1_BRK_TIM9_IRQHandler
                0x08000f38                CAN2_RX0_IRQHandler
                0x08000f38                DMA2_Stream3_IRQHandler
                0x08000f38                USART6_IRQHandler
                0x08000f38                CAN3_RX0_IRQHandler
                0x08000f38                USART3_IRQHandler
                0x08000f38                DFSDM2_FLT3_IRQHandler
                0x08000f38                CAN1_RX1_IRQHandler
                0x08000f38                UART5_IRQHandler
                0x08000f38                DMA2_Stream0_IRQHandler
                0x08000f38                TIM4_IRQHandler
                0x08000f38                QUADSPI_IRQHandler
                0x08000f38                I2C1_EV_IRQHandler
                0x08000f38                DMA1_Stream6_IRQHandler
                0x08000f38                DMA1_Stream1_IRQHandler
                0x08000f38                UART4_IRQHandler
                0x08000f38                TIM3_IRQHandler
                0x08000f38                RCC_IRQHandler
                0x08000f38                UART9_IRQHandler
                0x08000f38                TIM8_BRK_TIM12_IRQHandler
                0x08000f38                Default_Handler
                0x08000f38                EXTI15_10_IRQHandler
                0x08000f38                ADC_IRQHandler
                0x08000f38                DMA1_Stream7_IRQHandler
                0x08000f38                DFSDM2_FLT0_IRQHandler
                0x08000f38                SPI5_IRQHandler
                0x08000f38                TIM7_IRQHandler
                0x08000f38                CAN2_TX_IRQHandler
                0x08000f38                TIM5_IRQHandler
                0x08000f38                DMA2_Stream7_IRQHandler
                0x08000f38                I2C3_EV_IRQHandler
                0x08000f38                DFSDM2_FLT2_IRQHandler
                0x08000f38                EXTI9_5_IRQHandler
                0x08000f38                RTC_WKUP_IRQHandler
                0x08000f38                SPI2_IRQHandler
                0x08000f38                DMA1_Stream0_IRQHandler
                0x08000f38                CAN1_TX_IRQHandler
                0x08000f38                FMPI2C1_ER_IRQHandler
                0x08000f38                EXTI4_IRQHandler
                0x08000f38                DFSDM2_FLT1_IRQHandler
                0x08000f38                RNG_IRQHandler
                0x08000f38                FSMC_IRQHandler
                0x08000f38                WWDG_IRQHandler
                0x08000f38                CAN3_TX_IRQHandler
                0x08000f38                TIM2_IRQHandler
                0x08000f38                OTG_FS_WKUP_IRQHandler
                0x08000f38                TIM1_TRG_COM_TIM11_IRQHandler
                0x08000f38                EXTI1_IRQHandler
                0x08000f38                UART7_IRQHandler
                0x08000f38                USART2_IRQHandler
                0x08000f38                DFSDM1_FLT0_IRQHandler
                0x08000f38                I2C2_ER_IRQHandler
                0x08000f38                DMA2_Stream1_IRQHandler
                0x08000f38                CAN1_SCE_IRQHandler
                0x08000f38                FLASH_IRQHandler
                0x08000f38                DMA2_Stream4_IRQHandler
                0x08000f38                USART1_IRQHandler
                0x08000f38                OTG_FS_IRQHandler
                0x08000f38                SPI3_IRQHandler
                0x08000f38                DMA1_Stream4_IRQHandler
                0x08000f38                I2C1_ER_IRQHandler
                0x08000f38                LPTIM1_IRQHandler
                0x08000f38                DMA2_Stream6_IRQHandler
                0x08000f38                UART10_IRQHandler
                0x08000f38                SAI1_IRQHandler
                0x08000f38                DMA1_Stream3_IRQHandler
 *fill*         0x08000f3a        0x2 
 .text.HAL_Init
                0x08000f3c       0x44 ./Drivers/STM32F4xx_HAL_Driver/Src/stm32f4xx_hal.o
                0x08000f3c                HAL_Init
 .text.HAL_InitTick
                0x08000f80       0x60 ./Drivers/STM32F4xx_HAL_Driver/Src/stm32f4xx_hal.o
                0x08000f80                HAL_InitTick
 .text.HAL_IncTick
                0x08000fe0       0x28 ./Drivers/STM32F4xx_HAL_Driver/Src/stm32f4xx_hal.o
                0x08000fe0                HAL_IncTick
 .text.HAL_GetTick
                0x08001008       0x18 ./Drivers/STM32F4xx_HAL_Driver/Src/stm32f4xx_hal.o
                0x08001008                HAL_GetTick
 .text.HAL_Delay
                0x08001020       0x48 ./Drivers/STM32F4xx_HAL_Driver/Src/stm32f4xx_hal.o
                0x08001020                HAL_Delay
 .text.__NVIC_SetPriorityGrouping
                0x08001068       0x48 ./Drivers/STM32F4xx_HAL_Driver/Src/stm32f4xx_hal_cortex.o
 .text.__NVIC_GetPriorityGrouping
                0x080010b0       0x1c ./Drivers/STM32F4xx_HAL_Driver/Src/stm32f4xx_hal_cortex.o
 .text.__NVIC_SetPriority
                0x080010cc       0x54 ./Drivers/STM32F4xx_HAL_Driver/Src/stm32f4xx_hal_cortex.o
 .text.NVIC_EncodePriority
                0x08001120       0x66 ./Drivers/STM32F4xx_HAL_Driver/Src/stm32f4xx_hal_cortex.o
 *fill*         0x08001186        0x2 
 .text.SysTick_Config
                0x08001188       0x44 ./Drivers/STM32F4xx_HAL_Driver/Src/stm32f4xx_hal_cortex.o
 .text.HAL_NVIC_SetPriorityGrouping
                0x080011cc       0x16 ./Drivers/STM32F4xx_HAL_Driver/Src/stm32f4xx_hal_cortex.o
                0x080011cc                HAL_NVIC_SetPriorityGrouping
 .text.HAL_NVIC_SetPriority
                0x080011e2       0x38 ./Drivers/STM32F4xx_HAL_Driver/Src/stm32f4xx_hal_cortex.o
                0x080011e2                HAL_NVIC_SetPriority
 .text.HAL_SYSTICK_Config
                0x0800121a       0x18 ./Drivers/STM32F4xx_HAL_Driver/Src/stm32f4xx_hal_cortex.o
                0x0800121a                HAL_SYSTICK_Config
 *fill*         0x08001232        0x2 
 .text.HAL_GPIO_Init
                0x08001234      0x328 ./Drivers/STM32F4xx_HAL_Driver/Src/stm32f4xx_hal_gpio.o
                0x08001234                HAL_GPIO_Init
 .text.HAL_GPIO_WritePin
                0x0800155c       0x32 ./Drivers/STM32F4xx_HAL_Driver/Src/stm32f4xx_hal_gpio.o
                0x0800155c                HAL_GPIO_WritePin
 .text.HAL_PCD_Init
                0x0800158e      0x22c ./Drivers/STM32F4xx_HAL_Driver/Src/stm32f4xx_hal_pcd.o
                0x0800158e                HAL_PCD_Init
 .text.HAL_PCDEx_ActivateLPM
                0x080017ba       0x48 ./Drivers/STM32F4xx_HAL_Driver/Src/stm32f4xx_hal_pcd_ex.o
                0x080017ba                HAL_PCDEx_ActivateLPM
 *fill*         0x08001802        0x2 
 .text.HAL_RCC_ClockConfig
                0x08001804      0x1cc ./Drivers/STM32F4xx_HAL_Driver/Src/stm32f4xx_hal_rcc.o
                0x08001804                HAL_RCC_ClockConfig
 .text.HAL_RCC_GetSysClockFreq
                0x080019d0      0x20c ./Drivers/STM32F4xx_HAL_Driver/Src/stm32f4xx_hal_rcc.o
                0x080019d0                HAL_RCC_GetSysClockFreq
 .text.HAL_RCC_GetHCLKFreq
                0x08001bdc       0x18 ./Drivers/STM32F4xx_HAL_Driver/Src/stm32f4xx_hal_rcc.o
                0x08001bdc                HAL_RCC_GetHCLKFreq
 .text.HAL_RCC_GetPCLK1Freq
                0x08001bf4       0x28 ./Drivers/STM32F4xx_HAL_Driver/Src/stm32f4xx_hal_rcc.o
                0x08001bf4                HAL_RCC_GetPCLK1Freq
 .text.HAL_RCC_GetPCLK2Freq
                0x08001c1c       0x28 ./Drivers/STM32F4xx_HAL_Driver/Src/stm32f4xx_hal_rcc.o
                0x08001c1c                HAL_RCC_GetPCLK2Freq
 .text.HAL_RCCEx_PeriphCLKConfig
                0x08001c44      0x518 ./Drivers/STM32F4xx_HAL_Driver/Src/stm32f4xx_hal_rcc_ex.o
                0x08001c44                HAL_RCCEx_PeriphCLKConfig
 .text.HAL_RCC_OscConfig
                0x0800215c      0x508 ./Drivers/STM32F4xx_HAL_Driver/Src/stm32f4xx_hal_rcc_ex.o
                0x0800215c                HAL_RCC_OscConfig
 .text.HAL_SPI_Init
                0x08002664      0x112 ./Drivers/STM32F4xx_HAL_Driver/Src/stm32f4xx_hal_spi.o
                0x08002664                HAL_SPI_Init
 .text.HAL_SPI_Transmit
                0x08002776      0x288 ./Drivers/STM32F4xx_HAL_Driver/Src/stm32f4xx_hal_spi.o
                0x08002776                HAL_SPI_Transmit
 *fill*         0x080029fe        0x2 
 .text.SPI_WaitFlagStateUntilTimeout
                0x08002a00      0x110 ./Drivers/STM32F4xx_HAL_Driver/Src/stm32f4xx_hal_spi.o
 .text.SPI_EndRxTxTransaction
                0x08002b10       0xa8 ./Drivers/STM32F4xx_HAL_Driver/Src/stm32f4xx_hal_spi.o
 .text.HAL_UART_Init
                0x08002bb8       0xa0 ./Drivers/STM32F4xx_HAL_Driver/Src/stm32f4xx_hal_uart.o
                0x08002bb8                HAL_UART_Init
 .text.UART_SetConfig
                0x08002c58      0x508 ./Drivers/STM32F4xx_HAL_Driver/Src/stm32f4xx_hal_uart.o
 .text.USB_CoreInit
                0x08003160       0xc8 ./Drivers/STM32F4xx_HAL_Driver/Src/stm32f4xx_ll_usb.o
                0x08003160                USB_CoreInit
 .text.USB_DisableGlobalInt
                0x08003228       0x22 ./Drivers/STM32F4xx_HAL_Driver/Src/stm32f4xx_ll_usb.o
                0x08003228                USB_DisableGlobalInt
 .text.USB_SetCurrentMode
                0x0800324a       0x98 ./Drivers/STM32F4xx_HAL_Driver/Src/stm32f4xx_ll_usb.o
                0x0800324a                USB_SetCurrentMode
 *fill*         0x080032e2        0x2 
 .text.USB_DevInit
                0x080032e4      0x2bc ./Drivers/STM32F4xx_HAL_Driver/Src/stm32f4xx_ll_usb.o
                0x080032e4                USB_DevInit
 .text.USB_FlushTxFifo
                0x080035a0       0x64 ./Drivers/STM32F4xx_HAL_Driver/Src/stm32f4xx_ll_usb.o
                0x080035a0                USB_FlushTxFifo
 .text.USB_FlushRxFifo
                0x08003604       0x5c ./Drivers/STM32F4xx_HAL_Driver/Src/stm32f4xx_ll_usb.o
                0x08003604                USB_FlushRxFifo
 .text.USB_SetDevSpeed
                0x08003660       0x32 ./Drivers/STM32F4xx_HAL_Driver/Src/stm32f4xx_ll_usb.o
                0x08003660                USB_SetDevSpeed
 .text.USB_DevDisconnect
                0x08003692       0x42 ./Drivers/STM32F4xx_HAL_Driver/Src/stm32f4xx_ll_usb.o
                0x08003692                USB_DevDisconnect
 .text.USB_GetMode
                0x080036d4       0x1c ./Drivers/STM32F4xx_HAL_Driver/Src/stm32f4xx_ll_usb.o
                0x080036d4                USB_GetMode
 .text.USB_CoreReset
                0x080036f0       0x70 ./Drivers/STM32F4xx_HAL_Driver/Src/stm32f4xx_ll_usb.o
 .text.memset   0x08003760       0x10 D:/app/ST/STM32CubeIDE_1.19.0/STM32CubeIDE/plugins/com.st.stm32cube.ide.mcu.externaltools.gnu-tools-for-stm32.13.3.rel1.win32_1.0.0.202411081344/tools/bin/../lib/gcc/arm-none-eabi/13.3.1/../../../../arm-none-eabi/lib/thumb/v7e-m+fp/hard\libc_nano.a(libc_a-memset.o)
                0x08003760                memset
 .text.__libc_init_array
                0x08003770       0x48 D:/app/ST/STM32CubeIDE_1.19.0/STM32CubeIDE/plugins/com.st.stm32cube.ide.mcu.externaltools.gnu-tools-for-stm32.13.3.rel1.win32_1.0.0.202411081344/tools/bin/../lib/gcc/arm-none-eabi/13.3.1/../../../../arm-none-eabi/lib/thumb/v7e-m+fp/hard\libc_nano.a(libc_a-init.o)
                0x08003770                __libc_init_array
 *(.glue_7)
 .glue_7        0x080037b8        0x0 linker stubs
 *(.glue_7t)
 .glue_7t       0x080037b8        0x0 linker stubs
 *(.eh_frame)
 .eh_frame      0x080037b8        0x0 D:/app/ST/STM32CubeIDE_1.19.0/STM32CubeIDE/plugins/com.st.stm32cube.ide.mcu.externaltools.gnu-tools-for-stm32.13.3.rel1.win32_1.0.0.202411081344/tools/bin/../lib/gcc/arm-none-eabi/13.3.1/thumb/v7e-m+fp/hard/crtbegin.o
 *(.init)
 .init          0x080037b8        0x4 D:/app/ST/STM32CubeIDE_1.19.0/STM32CubeIDE/plugins/com.st.stm32cube.ide.mcu.externaltools.gnu-tools-for-stm32.13.3.rel1.win32_1.0.0.202411081344/tools/bin/../lib/gcc/arm-none-eabi/13.3.1/thumb/v7e-m+fp/hard/crti.o
                0x080037b8                _init
 .init          0x080037bc        0x8 D:/app/ST/STM32CubeIDE_1.19.0/STM32CubeIDE/plugins/com.st.stm32cube.ide.mcu.externaltools.gnu-tools-for-stm32.13.3.rel1.win32_1.0.0.202411081344/tools/bin/../lib/gcc/arm-none-eabi/13.3.1/thumb/v7e-m+fp/hard/crtn.o
 *(.fini)
 .fini          0x080037c4        0x4 D:/app/ST/STM32CubeIDE_1.19.0/STM32CubeIDE/plugins/com.st.stm32cube.ide.mcu.externaltools.gnu-tools-for-stm32.13.3.rel1.win32_1.0.0.202411081344/tools/bin/../lib/gcc/arm-none-eabi/13.3.1/thumb/v7e-m+fp/hard/crti.o
                0x080037c4                _fini
 .fini          0x080037c8        0x8 D:/app/ST/STM32CubeIDE_1.19.0/STM32CubeIDE/plugins/com.st.stm32cube.ide.mcu.externaltools.gnu-tools-for-stm32.13.3.rel1.win32_1.0.0.202411081344/tools/bin/../lib/gcc/arm-none-eabi/13.3.1/thumb/v7e-m+fp/hard/crtn.o
                0x080037d0                        . = ALIGN (0x4)
                0x080037d0                        _etext = .

.vfp11_veneer   0x080037d0        0x0
 .vfp11_veneer  0x080037d0        0x0 linker stubs

.v4_bx          0x080037d0        0x0
 .v4_bx         0x080037d0        0x0 linker stubs

.iplt           0x080037d0        0x0
 .iplt          0x080037d0        0x0 D:/app/ST/STM32CubeIDE_1.19.0/STM32CubeIDE/plugins/com.st.stm32cube.ide.mcu.externaltools.gnu-tools-for-stm32.13.3.rel1.win32_1.0.0.202411081344/tools/bin/../lib/gcc/arm-none-eabi/13.3.1/thumb/v7e-m+fp/hard/crtbegin.o

.rodata         0x080037d0       0x18
                0x080037d0                        . = ALIGN (0x4)
 *(.rodata)
 *(.rodata*)
 .rodata.AHBPrescTable
                0x080037d0       0x10 ./Core/Src/system_stm32f4xx.o
                0x080037d0                AHBPrescTable
 .rodata.APBPrescTable
                0x080037e0        0x8 ./Core/Src/system_stm32f4xx.o
                0x080037e0                APBPrescTable
                0x080037e8                        . = ALIGN (0x4)

.ARM.extab      0x080037e8        0x0
                0x080037e8                        . = ALIGN (0x4)
 *(.ARM.extab* .gnu.linkonce.armextab.*)
                0x080037e8                        . = ALIGN (0x4)

.ARM            0x080037e8        0x8
                0x080037e8                        . = ALIGN (0x4)
                0x080037e8                        __exidx_start = .
 *(.ARM.exidx*)
 .ARM.exidx     0x080037e8        0x8 D:/app/ST/STM32CubeIDE_1.19.0/STM32CubeIDE/plugins/com.st.stm32cube.ide.mcu.externaltools.gnu-tools-for-stm32.13.3.rel1.win32_1.0.0.202411081344/tools/bin/../lib/gcc/arm-none-eabi/13.3.1/thumb/v7e-m+fp/hard\libgcc.a(_udivmoddi4.o)
                0x080037f0                        __exidx_end = .
                0x080037f0                        . = ALIGN (0x4)

.preinit_array  0x080037f0        0x0
                0x080037f0                        . = ALIGN (0x4)
                0x080037f0                        PROVIDE (__preinit_array_start = .)
 *(.preinit_array*)
                0x080037f0                        PROVIDE (__preinit_array_end = .)
                0x080037f0                        . = ALIGN (0x4)

.init_array     0x080037f0        0x4
                0x080037f0                        . = ALIGN (0x4)
                0x080037f0                        PROVIDE (__init_array_start = .)
 *(SORT_BY_NAME(.init_array.*))
 *(.init_array*)
 .init_array    0x080037f0        0x4 D:/app/ST/STM32CubeIDE_1.19.0/STM32CubeIDE/plugins/com.st.stm32cube.ide.mcu.externaltools.gnu-tools-for-stm32.13.3.rel1.win32_1.0.0.202411081344/tools/bin/../lib/gcc/arm-none-eabi/13.3.1/thumb/v7e-m+fp/hard/crtbegin.o
                0x080037f4                        PROVIDE (__init_array_end = .)
                0x080037f4                        . = ALIGN (0x4)

.fini_array     0x080037f4        0x4
                0x080037f4                        . = ALIGN (0x4)
                [!provide]                        PROVIDE (__fini_array_start = .)
 *(SORT_BY_NAME(.fini_array.*))
 *(.fini_array*)
 .fini_array    0x080037f4        0x4 D:/app/ST/STM32CubeIDE_1.19.0/STM32CubeIDE/plugins/com.st.stm32cube.ide.mcu.externaltools.gnu-tools-for-stm32.13.3.rel1.win32_1.0.0.202411081344/tools/bin/../lib/gcc/arm-none-eabi/13.3.1/thumb/v7e-m+fp/hard/crtbegin.o
                [!provide]                        PROVIDE (__fini_array_end = .)
                0x080037f8                        . = ALIGN (0x4)
                0x080037f8                        _sidata = LOADADDR (.data)

.rel.dyn        0x080037f8        0x0
 .rel.iplt      0x080037f8        0x0 D:/app/ST/STM32CubeIDE_1.19.0/STM32CubeIDE/plugins/com.st.stm32cube.ide.mcu.externaltools.gnu-tools-for-stm32.13.3.rel1.win32_1.0.0.202411081344/tools/bin/../lib/gcc/arm-none-eabi/13.3.1/thumb/v7e-m+fp/hard/crtbegin.o

.data           0x20000000        0xc load address 0x080037f8
                0x20000000                        . = ALIGN (0x4)
                0x20000000                        _sdata = .
 *(.data)
 *(.data*)
 .data.SystemCoreClock
                0x20000000        0x4 ./Core/Src/system_stm32f4xx.o
                0x20000000                SystemCoreClock
 .data.uwTickPrio
                0x20000004        0x4 ./Drivers/STM32F4xx_HAL_Driver/Src/stm32f4xx_hal.o
                0x20000004                uwTickPrio
 .data.uwTickFreq
                0x20000008        0x1 ./Drivers/STM32F4xx_HAL_Driver/Src/stm32f4xx_hal.o
                0x20000008                uwTickFreq
 *(.RamFunc)
 *(.RamFunc*)
                0x2000000c                        . = ALIGN (0x4)
 *fill*         0x20000009        0x3 
                0x2000000c                        _edata = .

.igot.plt       0x2000000c        0x0 load address 0x08003804
 .igot.plt      0x2000000c        0x0 D:/app/ST/STM32CubeIDE_1.19.0/STM32CubeIDE/plugins/com.st.stm32cube.ide.mcu.externaltools.gnu-tools-for-stm32.13.3.rel1.win32_1.0.0.202411081344/tools/bin/../lib/gcc/arm-none-eabi/13.3.1/thumb/v7e-m+fp/hard/crtbegin.o
                0x2000000c                        . = ALIGN (0x4)

.bss            0x2000000c      0x9a4 load address 0x08003804
                0x2000000c                        _sbss = .
                0x2000000c                        __bss_start__ = _sbss
 *(.bss)
 .bss           0x2000000c       0x1c D:/app/ST/STM32CubeIDE_1.19.0/STM32CubeIDE/plugins/com.st.stm32cube.ide.mcu.externaltools.gnu-tools-for-stm32.13.3.rel1.win32_1.0.0.202411081344/tools/bin/../lib/gcc/arm-none-eabi/13.3.1/thumb/v7e-m+fp/hard/crtbegin.o
 *(.bss*)
 .bss.hspi1     0x20000028       0x58 ./Core/Src/main.o
                0x20000028                hspi1
 .bss.huart3    0x20000080       0x48 ./Core/Src/main.o
                0x20000080                huart3
 .bss.hpcd_USB_OTG_FS
                0x200000c8      0x4e4 ./Core/Src/main.o
                0x200000c8                hpcd_USB_OTG_FS
 .bss.ssd1306_Buffer
                0x200005ac      0x400 ./Core/Src/main.o
 .bss.uwTick    0x200009ac        0x4 ./Drivers/STM32F4xx_HAL_Driver/Src/stm32f4xx_hal.o
                0x200009ac                uwTick
 *(COMMON)
                0x200009b0                        . = ALIGN (0x4)
                0x200009b0                        _ebss = .
                0x200009b0                        __bss_end__ = _ebss

._user_heap_stack
                0x200009b0      0x600 load address 0x08003804
                0x200009b0                        . = ALIGN (0x8)
                [!provide]                        PROVIDE (end = .)
                0x200009b0                        PROVIDE (_end = .)
                0x20000bb0                        . = (. + _Min_Heap_Size)
 *fill*         0x200009b0      0x200 
                0x20000fb0                        . = (. + _Min_Stack_Size)
 *fill*         0x20000bb0      0x400 
                0x20000fb0                        . = ALIGN (0x8)

/DISCARD/
 libc.a(*)
 libm.a(*)
 libgcc.a(*)

.ARM.attributes
                0x00000000       0x30
 *(.ARM.attributes)
 .ARM.attributes
                0x00000000       0x22 D:/app/ST/STM32CubeIDE_1.19.0/STM32CubeIDE/plugins/com.st.stm32cube.ide.mcu.externaltools.gnu-tools-for-stm32.13.3.rel1.win32_1.0.0.202411081344/tools/bin/../lib/gcc/arm-none-eabi/13.3.1/thumb/v7e-m+fp/hard/crti.o
 .ARM.attributes
                0x00000022       0x34 D:/app/ST/STM32CubeIDE_1.19.0/STM32CubeIDE/plugins/com.st.stm32cube.ide.mcu.externaltools.gnu-tools-for-stm32.13.3.rel1.win32_1.0.0.202411081344/tools/bin/../lib/gcc/arm-none-eabi/13.3.1/thumb/v7e-m+fp/hard/crtbegin.o
 .ARM.attributes
                0x00000056       0x34 ./Core/Src/main.o
 .ARM.attributes
                0x0000008a       0x34 ./Core/Src/stm32f4xx_hal_msp.o
 .ARM.attributes
                0x000000be       0x34 ./Core/Src/stm32f4xx_it.o
 .ARM.attributes
                0x000000f2       0x34 ./Core/Src/system_stm32f4xx.o
 .ARM.attributes
                0x00000126       0x21 ./Core/Startup/startup_stm32f413zhtx.o
 .ARM.attributes
                0x00000147       0x34 ./Drivers/STM32F4xx_HAL_Driver/Src/stm32f4xx_hal.o
 .ARM.attributes
                0x0000017b       0x34 ./Drivers/STM32F4xx_HAL_Driver/Src/stm32f4xx_hal_cortex.o
 .ARM.attributes
                0x000001af       0x34 ./Drivers/STM32F4xx_HAL_Driver/Src/stm32f4xx_hal_gpio.o
 .ARM.attributes
                0x000001e3       0x34 ./Drivers/STM32F4xx_HAL_Driver/Src/stm32f4xx_hal_pcd.o
 .ARM.attributes
                0x00000217       0x34 ./Drivers/STM32F4xx_HAL_Driver/Src/stm32f4xx_hal_pcd_ex.o
 .ARM.attributes
                0x0000024b       0x34 ./Drivers/STM32F4xx_HAL_Driver/Src/stm32f4xx_hal_rcc.o
 .ARM.attributes
                0x0000027f       0x34 ./Drivers/STM32F4xx_HAL_Driver/Src/stm32f4xx_hal_rcc_ex.o
 .ARM.attributes
                0x000002b3       0x34 ./Drivers/STM32F4xx_HAL_Driver/Src/stm32f4xx_hal_spi.o
 .ARM.attributes
                0x000002e7       0x34 ./Drivers/STM32F4xx_HAL_Driver/Src/stm32f4xx_hal_uart.o
 .ARM.attributes
                0x0000031b       0x34 ./Drivers/STM32F4xx_HAL_Driver/Src/stm32f4xx_ll_usb.o
 .ARM.attributes
                0x0000034f       0x34 D:/app/ST/STM32CubeIDE_1.19.0/STM32CubeIDE/plugins/com.st.stm32cube.ide.mcu.externaltools.gnu-tools-for-stm32.13.3.rel1.win32_1.0.0.202411081344/tools/bin/../lib/gcc/arm-none-eabi/13.3.1/../../../../arm-none-eabi/lib/thumb/v7e-m+fp/hard\libc_nano.a(libc_a-memset.o)
 .ARM.attributes
                0x00000383       0x34 D:/app/ST/STM32CubeIDE_1.19.0/STM32CubeIDE/plugins/com.st.stm32cube.ide.mcu.externaltools.gnu-tools-for-stm32.13.3.rel1.win32_1.0.0.202411081344/tools/bin/../lib/gcc/arm-none-eabi/13.3.1/../../../../arm-none-eabi/lib/thumb/v7e-m+fp/hard\libc_nano.a(libc_a-init.o)
 .ARM.attributes
                0x000003b7       0x22 D:/app/ST/STM32CubeIDE_1.19.0/STM32CubeIDE/plugins/com.st.stm32cube.ide.mcu.externaltools.gnu-tools-for-stm32.13.3.rel1.win32_1.0.0.202411081344/tools/bin/../lib/gcc/arm-none-eabi/13.3.1/thumb/v7e-m+fp/hard\libgcc.a(_aeabi_uldivmod.o)
 .ARM.attributes
                0x000003d9       0x34 D:/app/ST/STM32CubeIDE_1.19.0/STM32CubeIDE/plugins/com.st.stm32cube.ide.mcu.externaltools.gnu-tools-for-stm32.13.3.rel1.win32_1.0.0.202411081344/tools/bin/../lib/gcc/arm-none-eabi/13.3.1/thumb/v7e-m+fp/hard\libgcc.a(_udivmoddi4.o)
 .ARM.attributes
                0x0000040d       0x22 D:/app/ST/STM32CubeIDE_1.19.0/STM32CubeIDE/plugins/com.st.stm32cube.ide.mcu.externaltools.gnu-tools-for-stm32.13.3.rel1.win32_1.0.0.202411081344/tools/bin/../lib/gcc/arm-none-eabi/13.3.1/thumb/v7e-m+fp/hard\libgcc.a(_dvmd_tls.o)
 .ARM.attributes
                0x0000042f       0x22 D:/app/ST/STM32CubeIDE_1.19.0/STM32CubeIDE/plugins/com.st.stm32cube.ide.mcu.externaltools.gnu-tools-for-stm32.13.3.rel1.win32_1.0.0.202411081344/tools/bin/../lib/gcc/arm-none-eabi/13.3.1/thumb/v7e-m+fp/hard/crtn.o
OUTPUT(i02_spi_oled_1306.elf elf32-littlearm)
LOAD linker stubs
LOAD D:/app/ST/STM32CubeIDE_1.19.0/STM32CubeIDE/plugins/com.st.stm32cube.ide.mcu.externaltools.gnu-tools-for-stm32.13.3.rel1.win32_1.0.0.202411081344/tools/bin/../lib/gcc/arm-none-eabi/13.3.1/../../../../arm-none-eabi/lib/thumb/v7e-m+fp/hard\libc.a
LOAD D:/app/ST/STM32CubeIDE_1.19.0/STM32CubeIDE/plugins/com.st.stm32cube.ide.mcu.externaltools.gnu-tools-for-stm32.13.3.rel1.win32_1.0.0.202411081344/tools/bin/../lib/gcc/arm-none-eabi/13.3.1/../../../../arm-none-eabi/lib/thumb/v7e-m+fp/hard\libm.a
LOAD D:/app/ST/STM32CubeIDE_1.19.0/STM32CubeIDE/plugins/com.st.stm32cube.ide.mcu.externaltools.gnu-tools-for-stm32.13.3.rel1.win32_1.0.0.202411081344/tools/bin/../lib/gcc/arm-none-eabi/13.3.1/thumb/v7e-m+fp/hard\libgcc.a

.debug_info     0x00000000     0xdcfe
 .debug_info    0x00000000     0x161a ./Core/Src/main.o
 .debug_info    0x0000161a     0x1394 ./Core/Src/stm32f4xx_hal_msp.o
 .debug_info    0x000029ae      0x112 ./Core/Src/stm32f4xx_it.o
 .debug_info    0x00002ac0      0x54a ./Core/Src/system_stm32f4xx.o
 .debug_info    0x0000300a       0x30 ./Core/Startup/startup_stm32f413zhtx.o
 .debug_info    0x0000303a      0x9ca ./Drivers/STM32F4xx_HAL_Driver/Src/stm32f4xx_hal.o
 .debug_info    0x00003a04      0xdda ./Drivers/STM32F4xx_HAL_Driver/Src/stm32f4xx_hal_cortex.o
 .debug_info    0x000047de      0x723 ./Drivers/STM32F4xx_HAL_Driver/Src/stm32f4xx_hal_gpio.o
 .debug_info    0x00004f01     0x15e3 ./Drivers/STM32F4xx_HAL_Driver/Src/stm32f4xx_hal_pcd.o
 .debug_info    0x000064e4      0x883 ./Drivers/STM32F4xx_HAL_Driver/Src/stm32f4xx_hal_pcd_ex.o
 .debug_info    0x00006d67      0x8ff ./Drivers/STM32F4xx_HAL_Driver/Src/stm32f4xx_hal_rcc.o
 .debug_info    0x00007666      0x833 ./Drivers/STM32F4xx_HAL_Driver/Src/stm32f4xx_hal_rcc_ex.o
 .debug_info    0x00007e99     0x1525 ./Drivers/STM32F4xx_HAL_Driver/Src/stm32f4xx_hal_spi.o
 .debug_info    0x000093be     0x2f4f ./Drivers/STM32F4xx_HAL_Driver/Src/stm32f4xx_hal_uart.o
 .debug_info    0x0000c30d     0x19f1 ./Drivers/STM32F4xx_HAL_Driver/Src/stm32f4xx_ll_usb.o

.debug_abbrev   0x00000000     0x20a2
 .debug_abbrev  0x00000000      0x391 ./Core/Src/main.o
 .debug_abbrev  0x00000391      0x253 ./Core/Src/stm32f4xx_hal_msp.o
 .debug_abbrev  0x000005e4       0x73 ./Core/Src/stm32f4xx_it.o
 .debug_abbrev  0x00000657      0x11a ./Core/Src/system_stm32f4xx.o
 .debug_abbrev  0x00000771       0x24 ./Core/Startup/startup_stm32f413zhtx.o
 .debug_abbrev  0x00000795      0x214 ./Drivers/STM32F4xx_HAL_Driver/Src/stm32f4xx_hal.o
 .debug_abbrev  0x000009a9      0x31d ./Drivers/STM32F4xx_HAL_Driver/Src/stm32f4xx_hal_cortex.o
 .debug_abbrev  0x00000cc6      0x1d4 ./Drivers/STM32F4xx_HAL_Driver/Src/stm32f4xx_hal_gpio.o
 .debug_abbrev  0x00000e9a      0x2d0 ./Drivers/STM32F4xx_HAL_Driver/Src/stm32f4xx_hal_pcd.o
 .debug_abbrev  0x0000116a      0x25a ./Drivers/STM32F4xx_HAL_Driver/Src/stm32f4xx_hal_pcd_ex.o
 .debug_abbrev  0x000013c4      0x2b7 ./Drivers/STM32F4xx_HAL_Driver/Src/stm32f4xx_hal_rcc.o
 .debug_abbrev  0x0000167b      0x1ec ./Drivers/STM32F4xx_HAL_Driver/Src/stm32f4xx_hal_rcc_ex.o
 .debug_abbrev  0x00001867      0x27a ./Drivers/STM32F4xx_HAL_Driver/Src/stm32f4xx_hal_spi.o
 .debug_abbrev  0x00001ae1      0x30e ./Drivers/STM32F4xx_HAL_Driver/Src/stm32f4xx_hal_uart.o
 .debug_abbrev  0x00001def      0x2b3 ./Drivers/STM32F4xx_HAL_Driver/Src/stm32f4xx_ll_usb.o

.debug_aranges  0x00000000      0xc28
 .debug_aranges
                0x00000000       0xa8 ./Core/Src/main.o
 .debug_aranges
                0x000000a8       0x50 ./Core/Src/stm32f4xx_hal_msp.o
 .debug_aranges
                0x000000f8       0x60 ./Core/Src/stm32f4xx_it.o
 .debug_aranges
                0x00000158       0x28 ./Core/Src/system_stm32f4xx.o
 .debug_aranges
                0x00000180       0x28 ./Core/Startup/startup_stm32f413zhtx.o
 .debug_aranges
                0x000001a8       0xf0 ./Drivers/STM32F4xx_HAL_Driver/Src/stm32f4xx_hal.o
 .debug_aranges
                0x00000298      0x130 ./Drivers/STM32F4xx_HAL_Driver/Src/stm32f4xx_hal_cortex.o
 .debug_aranges
                0x000003c8       0x58 ./Drivers/STM32F4xx_HAL_Driver/Src/stm32f4xx_hal_gpio.o
 .debug_aranges
                0x00000420      0x148 ./Drivers/STM32F4xx_HAL_Driver/Src/stm32f4xx_hal_pcd.o
 .debug_aranges
                0x00000568       0x60 ./Drivers/STM32F4xx_HAL_Driver/Src/stm32f4xx_hal_pcd_ex.o
 .debug_aranges
                0x000005c8       0x88 ./Drivers/STM32F4xx_HAL_Driver/Src/stm32f4xx_hal_rcc.o
 .debug_aranges
                0x00000650       0x60 ./Drivers/STM32F4xx_HAL_Driver/Src/stm32f4xx_hal_rcc_ex.o
 .debug_aranges
                0x000006b0      0x1d0 ./Drivers/STM32F4xx_HAL_Driver/Src/stm32f4xx_hal_spi.o
 .debug_aranges
                0x00000880      0x208 ./Drivers/STM32F4xx_HAL_Driver/Src/stm32f4xx_hal_uart.o
 .debug_aranges
                0x00000a88      0x1a0 ./Drivers/STM32F4xx_HAL_Driver/Src/stm32f4xx_ll_usb.o

.debug_rnglists
                0x00000000      0x95d
 .debug_rnglists
                0x00000000       0x7e ./Core/Src/main.o
 .debug_rnglists
                0x0000007e       0x3a ./Core/Src/stm32f4xx_hal_msp.o
 .debug_rnglists
                0x000000b8       0x43 ./Core/Src/stm32f4xx_it.o
 .debug_rnglists
                0x000000fb       0x1a ./Core/Src/system_stm32f4xx.o
 .debug_rnglists
                0x00000115       0x19 ./Core/Startup/startup_stm32f413zhtx.o
 .debug_rnglists
                0x0000012e       0xaf ./Drivers/STM32F4xx_HAL_Driver/Src/stm32f4xx_hal.o
 .debug_rnglists
                0x000001dd       0xe0 ./Drivers/STM32F4xx_HAL_Driver/Src/stm32f4xx_hal_cortex.o
 .debug_rnglists
                0x000002bd       0x3f ./Drivers/STM32F4xx_HAL_Driver/Src/stm32f4xx_hal_gpio.o
 .debug_rnglists
                0x000002fc       0xfa ./Drivers/STM32F4xx_HAL_Driver/Src/stm32f4xx_hal_pcd.o
 .debug_rnglists
                0x000003f6       0x45 ./Drivers/STM32F4xx_HAL_Driver/Src/stm32f4xx_hal_pcd_ex.o
 .debug_rnglists
                0x0000043b       0x66 ./Drivers/STM32F4xx_HAL_Driver/Src/stm32f4xx_hal_rcc.o
 .debug_rnglists
                0x000004a1       0x4a ./Drivers/STM32F4xx_HAL_Driver/Src/stm32f4xx_hal_rcc_ex.o
 .debug_rnglists
                0x000004eb      0x16f ./Drivers/STM32F4xx_HAL_Driver/Src/stm32f4xx_hal_spi.o
 .debug_rnglists
                0x0000065a      0x1bc ./Drivers/STM32F4xx_HAL_Driver/Src/stm32f4xx_hal_uart.o
 .debug_rnglists
                0x00000816      0x147 ./Drivers/STM32F4xx_HAL_Driver/Src/stm32f4xx_ll_usb.o

.debug_macro    0x00000000    0x205ff
 .debug_macro   0x00000000      0x22d ./Core/Src/main.o
 .debug_macro   0x0000022d      0xad8 ./Core/Src/main.o
 .debug_macro   0x00000d05      0x2a1 ./Core/Src/main.o
 .debug_macro   0x00000fa6       0x2e ./Core/Src/main.o
 .debug_macro   0x00000fd4       0x28 ./Core/Src/main.o
 .debug_macro   0x00000ffc       0x22 ./Core/Src/main.o
 .debug_macro   0x0000101e       0x8e ./Core/Src/main.o
 .debug_macro   0x000010ac       0x51 ./Core/Src/main.o
 .debug_macro   0x000010fd      0x103 ./Core/Src/main.o
 .debug_macro   0x00001200       0x6a ./Core/Src/main.o
 .debug_macro   0x0000126a      0x1df ./Core/Src/main.o
 .debug_macro   0x00001449       0x1c ./Core/Src/main.o
 .debug_macro   0x00001465       0x22 ./Core/Src/main.o
 .debug_macro   0x00001487       0xfb ./Core/Src/main.o
 .debug_macro   0x00001582     0x1011 ./Core/Src/main.o
 .debug_macro   0x00002593      0x11f ./Core/Src/main.o
 .debug_macro   0x000026b2    0x15aa0 ./Core/Src/main.o
 .debug_macro   0x00018152       0x6d ./Core/Src/main.o
 .debug_macro   0x000181bf     0x3693 ./Core/Src/main.o
 .debug_macro   0x0001b852      0x190 ./Core/Src/main.o
 .debug_macro   0x0001b9e2       0x5c ./Core/Src/main.o
 .debug_macro   0x0001ba3e      0xcf2 ./Core/Src/main.o
 .debug_macro   0x0001c730      0x9e9 ./Core/Src/main.o
 .debug_macro   0x0001d119      0x115 ./Core/Src/main.o
 .debug_macro   0x0001d22e      0x202 ./Core/Src/main.o
 .debug_macro   0x0001d430       0xa5 ./Core/Src/main.o
 .debug_macro   0x0001d4d5      0x173 ./Core/Src/main.o
 .debug_macro   0x0001d648      0x2bf ./Core/Src/main.o
 .debug_macro   0x0001d907       0x5f ./Core/Src/main.o
 .debug_macro   0x0001d966      0x236 ./Core/Src/main.o
 .debug_macro   0x0001db9c      0x132 ./Core/Src/main.o
 .debug_macro   0x0001dcce      0x30c ./Core/Src/main.o
 .debug_macro   0x0001dfda       0x2e ./Core/Src/main.o
 .debug_macro   0x0001e008      0x127 ./Core/Src/main.o
 .debug_macro   0x0001e12f       0x91 ./Core/Src/main.o
 .debug_macro   0x0001e1c0       0x89 ./Core/Src/main.o
 .debug_macro   0x0001e249      0x225 ./Core/Src/main.o
 .debug_macro   0x0001e46e      0x2aa ./Core/Src/main.o
 .debug_macro   0x0001e718      0x293 ./Core/Src/main.o
 .debug_macro   0x0001e9ab       0xba ./Core/Src/main.o
 .debug_macro   0x0001ea65      0x134 ./Core/Src/main.o
 .debug_macro   0x0001eb99       0xd0 ./Core/Src/main.o
 .debug_macro   0x0001ec69      0x1f7 ./Core/Src/stm32f4xx_hal_msp.o
 .debug_macro   0x0001ee60      0x201 ./Core/Src/stm32f4xx_it.o
 .debug_macro   0x0001f061      0x1e8 ./Core/Src/system_stm32f4xx.o
 .debug_macro   0x0001f249      0x248 ./Drivers/STM32F4xx_HAL_Driver/Src/stm32f4xx_hal.o
 .debug_macro   0x0001f491      0x1e8 ./Drivers/STM32F4xx_HAL_Driver/Src/stm32f4xx_hal_cortex.o
 .debug_macro   0x0001f679      0x1ee ./Drivers/STM32F4xx_HAL_Driver/Src/stm32f4xx_hal_gpio.o
 .debug_macro   0x0001f867      0x1f4 ./Drivers/STM32F4xx_HAL_Driver/Src/stm32f4xx_hal_pcd.o
 .debug_macro   0x0001fa5b      0x1e8 ./Drivers/STM32F4xx_HAL_Driver/Src/stm32f4xx_hal_pcd_ex.o
 .debug_macro   0x0001fc43      0x20c ./Drivers/STM32F4xx_HAL_Driver/Src/stm32f4xx_hal_rcc.o
 .debug_macro   0x0001fe4f      0x1e8 ./Drivers/STM32F4xx_HAL_Driver/Src/stm32f4xx_hal_rcc_ex.o
 .debug_macro   0x00020037      0x1f7 ./Drivers/STM32F4xx_HAL_Driver/Src/stm32f4xx_hal_spi.o
 .debug_macro   0x0002022e      0x1e9 ./Drivers/STM32F4xx_HAL_Driver/Src/stm32f4xx_hal_uart.o
 .debug_macro   0x00020417      0x1e8 ./Drivers/STM32F4xx_HAL_Driver/Src/stm32f4xx_ll_usb.o

.debug_line     0x00000000     0xe708
 .debug_line    0x00000000      0xb32 ./Core/Src/main.o
 .debug_line    0x00000b32      0x88f ./Core/Src/stm32f4xx_hal_msp.o
 .debug_line    0x000013c1      0x832 ./Core/Src/stm32f4xx_it.o
 .debug_line    0x00001bf3      0x7f9 ./Core/Src/system_stm32f4xx.o
 .debug_line    0x000023ec       0x7a ./Core/Startup/startup_stm32f413zhtx.o
 .debug_line    0x00002466      0xa75 ./Drivers/STM32F4xx_HAL_Driver/Src/stm32f4xx_hal.o
 .debug_line    0x00002edb      0xd45 ./Drivers/STM32F4xx_HAL_Driver/Src/stm32f4xx_hal_cortex.o
 .debug_line    0x00003c20      0xbb9 ./Drivers/STM32F4xx_HAL_Driver/Src/stm32f4xx_hal_gpio.o
 .debug_line    0x000047d9     0x14f0 ./Drivers/STM32F4xx_HAL_Driver/Src/stm32f4xx_hal_pcd.o
 .debug_line    0x00005cc9      0x989 ./Drivers/STM32F4xx_HAL_Driver/Src/stm32f4xx_hal_pcd_ex.o
 .debug_line    0x00006652      0xe90 ./Drivers/STM32F4xx_HAL_Driver/Src/stm32f4xx_hal_rcc.o
 .debug_line    0x000074e2     0x11fe ./Drivers/STM32F4xx_HAL_Driver/Src/stm32f4xx_hal_rcc_ex.o
 .debug_line    0x000086e0     0x1d10 ./Drivers/STM32F4xx_HAL_Driver/Src/stm32f4xx_hal_spi.o
 .debug_line    0x0000a3f0     0x25d7 ./Drivers/STM32F4xx_HAL_Driver/Src/stm32f4xx_hal_uart.o
 .debug_line    0x0000c9c7     0x1d41 ./Drivers/STM32F4xx_HAL_Driver/Src/stm32f4xx_ll_usb.o

.debug_str      0x00000000    0xc61ed
 .debug_str     0x00000000    0xc61ed ./Core/Src/main.o
                              0xc338a (size before relaxing)
 .debug_str     0x000c61ed    0xc31eb ./Core/Src/stm32f4xx_hal_msp.o
 .debug_str     0x000c61ed    0xc247f ./Core/Src/stm32f4xx_it.o
 .debug_str     0x000c61ed    0xc22bd ./Core/Src/system_stm32f4xx.o
 .debug_str     0x000c61ed       0x9d ./Core/Startup/startup_stm32f413zhtx.o
 .debug_str     0x000c61ed    0xc2ef3 ./Drivers/STM32F4xx_HAL_Driver/Src/stm32f4xx_hal.o
 .debug_str     0x000c61ed    0xc2c4b ./Drivers/STM32F4xx_HAL_Driver/Src/stm32f4xx_hal_cortex.o
 .debug_str     0x000c61ed    0xc2447 ./Drivers/STM32F4xx_HAL_Driver/Src/stm32f4xx_hal_gpio.o
 .debug_str     0x000c61ed    0xc2dcf ./Drivers/STM32F4xx_HAL_Driver/Src/stm32f4xx_hal_pcd.o
 .debug_str     0x000c61ed    0xc2738 ./Drivers/STM32F4xx_HAL_Driver/Src/stm32f4xx_hal_pcd_ex.o
 .debug_str     0x000c61ed    0xc26f6 ./Drivers/STM32F4xx_HAL_Driver/Src/stm32f4xx_hal_rcc.o
 .debug_str     0x000c61ed    0xc267b ./Drivers/STM32F4xx_HAL_Driver/Src/stm32f4xx_hal_rcc_ex.o
 .debug_str     0x000c61ed    0xc2b57 ./Drivers/STM32F4xx_HAL_Driver/Src/stm32f4xx_hal_spi.o
 .debug_str     0x000c61ed    0xc2cae ./Drivers/STM32F4xx_HAL_Driver/Src/stm32f4xx_hal_uart.o
 .debug_str     0x000c61ed    0xc2c8b ./Drivers/STM32F4xx_HAL_Driver/Src/stm32f4xx_ll_usb.o

.comment        0x00000000       0x43
 .comment       0x00000000       0x43 ./Core/Src/main.o
                                 0x44 (size before relaxing)
 .comment       0x00000043       0x44 ./Core/Src/stm32f4xx_hal_msp.o
 .comment       0x00000043       0x44 ./Core/Src/stm32f4xx_it.o
 .comment       0x00000043       0x44 ./Core/Src/system_stm32f4xx.o
 .comment       0x00000043       0x44 ./Drivers/STM32F4xx_HAL_Driver/Src/stm32f4xx_hal.o
 .comment       0x00000043       0x44 ./Drivers/STM32F4xx_HAL_Driver/Src/stm32f4xx_hal_cortex.o
 .comment       0x00000043       0x44 ./Drivers/STM32F4xx_HAL_Driver/Src/stm32f4xx_hal_gpio.o
 .comment       0x00000043       0x44 ./Drivers/STM32F4xx_HAL_Driver/Src/stm32f4xx_hal_pcd.o
 .comment       0x00000043       0x44 ./Drivers/STM32F4xx_HAL_Driver/Src/stm32f4xx_hal_pcd_ex.o
 .comment       0x00000043       0x44 ./Drivers/STM32F4xx_HAL_Driver/Src/stm32f4xx_hal_rcc.o
 .comment       0x00000043       0x44 ./Drivers/STM32F4xx_HAL_Driver/Src/stm32f4xx_hal_rcc_ex.o
 .comment       0x00000043       0x44 ./Drivers/STM32F4xx_HAL_Driver/Src/stm32f4xx_hal_spi.o
 .comment       0x00000043       0x44 ./Drivers/STM32F4xx_HAL_Driver/Src/stm32f4xx_hal_uart.o
 .comment       0x00000043       0x44 ./Drivers/STM32F4xx_HAL_Driver/Src/stm32f4xx_ll_usb.o

.debug_frame    0x00000000     0x32e8
 .debug_frame   0x00000000      0x23c ./Core/Src/main.o
 .debug_frame   0x0000023c      0x114 ./Core/Src/stm32f4xx_hal_msp.o
 .debug_frame   0x00000350      0x104 ./Core/Src/stm32f4xx_it.o
 .debug_frame   0x00000454       0x58 ./Core/Src/system_stm32f4xx.o
 .debug_frame   0x000004ac      0x374 ./Drivers/STM32F4xx_HAL_Driver/Src/stm32f4xx_hal.o
 .debug_frame   0x00000820      0x508 ./Drivers/STM32F4xx_HAL_Driver/Src/stm32f4xx_hal_cortex.o
 .debug_frame   0x00000d28      0x14c ./Drivers/STM32F4xx_HAL_Driver/Src/stm32f4xx_hal_gpio.o
 .debug_frame   0x00000e74      0x5b8 ./Drivers/STM32F4xx_HAL_Driver/Src/stm32f4xx_hal_pcd.o
 .debug_frame   0x0000142c      0x174 ./Drivers/STM32F4xx_HAL_Driver/Src/stm32f4xx_hal_pcd_ex.o
 .debug_frame   0x000015a0      0x1f4 ./Drivers/STM32F4xx_HAL_Driver/Src/stm32f4xx_hal_rcc.o
 .debug_frame   0x00001794      0x16c ./Drivers/STM32F4xx_HAL_Driver/Src/stm32f4xx_hal_rcc_ex.o
 .debug_frame   0x00001900      0x828 ./Drivers/STM32F4xx_HAL_Driver/Src/stm32f4xx_hal_spi.o
 .debug_frame   0x00002128      0x954 ./Drivers/STM32F4xx_HAL_Driver/Src/stm32f4xx_hal_uart.o
 .debug_frame   0x00002a7c      0x7c0 ./Drivers/STM32F4xx_HAL_Driver/Src/stm32f4xx_ll_usb.o
 .debug_frame   0x0000323c       0x20 D:/app/ST/STM32CubeIDE_1.19.0/STM32CubeIDE/plugins/com.st.stm32cube.ide.mcu.externaltools.gnu-tools-for-stm32.13.3.rel1.win32_1.0.0.202411081344/tools/bin/../lib/gcc/arm-none-eabi/13.3.1/../../../../arm-none-eabi/lib/thumb/v7e-m+fp/hard\libc_nano.a(libc_a-memset.o)
 .debug_frame   0x0000325c       0x2c D:/app/ST/STM32CubeIDE_1.19.0/STM32CubeIDE/plugins/com.st.stm32cube.ide.mcu.externaltools.gnu-tools-for-stm32.13.3.rel1.win32_1.0.0.202411081344/tools/bin/../lib/gcc/arm-none-eabi/13.3.1/../../../../arm-none-eabi/lib/thumb/v7e-m+fp/hard\libc_nano.a(libc_a-init.o)
 .debug_frame   0x00003288       0x2c D:/app/ST/STM32CubeIDE_1.19.0/STM32CubeIDE/plugins/com.st.stm32cube.ide.mcu.externaltools.gnu-tools-for-stm32.13.3.rel1.win32_1.0.0.202411081344/tools/bin/../lib/gcc/arm-none-eabi/13.3.1/thumb/v7e-m+fp/hard\libgcc.a(_aeabi_uldivmod.o)
 .debug_frame   0x000032b4       0x34 D:/app/ST/STM32CubeIDE_1.19.0/STM32CubeIDE/plugins/com.st.stm32cube.ide.mcu.externaltools.gnu-tools-for-stm32.13.3.rel1.win32_1.0.0.202411081344/tools/bin/../lib/gcc/arm-none-eabi/13.3.1/thumb/v7e-m+fp/hard\libgcc.a(_udivmoddi4.o)

.debug_line_str
                0x00000000       0x81
 .debug_line_str
                0x00000000       0x81 ./Core/Startup/startup_stm32f413zhtx.o
